// Jest Snapshot v1, https://goo.gl/fbAQLP

exports[`NavListItem 値がDOMに反映されているか 1`] = `
"<div>
  <div class=\\"nav-item\\"><a class=\\"base-link--extend\\">
      <div class=\\"nav-item__contents\\"><img src=\\"http://placehold.jp/150x150.png\\" alt=\\"ダミーナビゲーションの画像\\" class=\\"base-img--extend base-img--sm\\">
        <p class=\\"base-text--extend\\">ダミーナビゲーション</p>
      </div>
    </a></div>
</div>"
`;
