// Jest Snapshot v1, https://goo.gl/fbAQLP

exports[`ArticleCategory ArticleCategory初期値: category 1`] = `
"<div>
  <div class=\\"article-category\\">
    カテゴリー:
    <article-badge-stub routepath=\\"category-id\\" badge=\\"[object Object]\\"></article-badge-stub>
  </div>
</div>"
`;
