// Jest Snapshot v1, https://goo.gl/fbAQLP

exports[`SnsIcon 値がDOMに反映されているか 1`] = `
"<div class=\\"sns-icon\\"><a to=\\"\\" href=\\"https://placehold.jp\\" target=\\"_blank\\" rel=\\"noopener noreferrer\\" class=\\"base-link--extend base-link\\"><img src=\\"https://placehold.jp/150x150.png\\" alt=\\"ダミー1アイコン\\" class=\\"base-img--extend base-img--lg\\">
    ダミー1
  </a></div>"
`;
