// Jest Snapshot v1, https://goo.gl/fbAQLP

exports[`ArticlePagination ArticlePagination初期値: currentPage, maxPage 1`] = `
"<div>
  <div class=\\"article-pagination\\">
    <base-link-stub routeto=\\"[object Object]\\">
      &lt;
    </base-link-stub>
    <base-text-stub> 1/2 </base-text-stub>
    <base-link-stub routeto=\\"[object Object]\\">
      &gt;
    </base-link-stub>
  </div>
</div>"
`;
